[gridx.codelayers.net/index.html]
[backblue.gif]
[fade.gif]
[index.html]
[gridx.codelayers.net/templates/gridx/images/favicon.ico]
[gridx.codelayers.net/media/vendor/joomla-custom-elements/css/joomla-alert.min44b7.css]
[gridx.codelayers.net/components/com_sppagebuilder/assets/css/animate.min5287.css]
[gridx.codelayers.net/components/com_sppagebuilder/assets/css/sppagebuilder5287.css]
[gridx.codelayers.net/components/com_sppagebuilder/assets/css/dynamic-content5287.css]
[gridx.codelayers.net/components/com_sppagebuilder/assets/css/magnific-popup.css]
[gridx.codelayers.net/templates/gridx/css/bootstrap.min.css]
[gridx.codelayers.net/plugins/system/helixultimate/assets/css/system-j4.min.css]
[gridx.codelayers.net/media/system/css/joomla-fontawesome.minf573.css]
[gridx.codelayers.net/templates/gridx/css/template.css]
[gridx.codelayers.net/templates/gridx/css/presets/preset9.css]
[gridx.codelayers.net/templates/gridx/css/custom.css]
[gridx.codelayers.net/images/bg1.png]
[gridx.codelayers.net/media/system/js/core.minaadb.js]
[gridx.codelayers.net/media/vendor/jquery/js/jquery.min8a0c.js]
[gridx.codelayers.net/media/legacy/js/jquery-noconflict.min1fec.js]
[gridx.codelayers.net/media/vendor/bootstrap/js/alert.min374d.js]
[gridx.codelayers.net/media/vendor/bootstrap/js/button.min374d.js]
[gridx.codelayers.net/media/vendor/bootstrap/js/carousel.min374d.js]
[gridx.codelayers.net/media/vendor/bootstrap/js/collapse.min374d.js]
[gridx.codelayers.net/media/vendor/bootstrap/js/dropdown.min374d.js]
[gridx.codelayers.net/media/vendor/bootstrap/js/modal.min374d.js]
[gridx.codelayers.net/media/vendor/bootstrap/js/offcanvas.min374d.js]
[gridx.codelayers.net/media/vendor/bootstrap/js/popover.min374d.js]
[gridx.codelayers.net/media/vendor/bootstrap/js/scrollspy.min374d.js]
[gridx.codelayers.net/media/vendor/bootstrap/js/tab.min374d.js]
[gridx.codelayers.net/media/vendor/bootstrap/js/toast.min374d.js]
[gridx.codelayers.net/media/system/js/showon.min8da8.js]
[gridx.codelayers.net/media/system/js/messages.minee3c.js]
[gridx.codelayers.net/components/com_sppagebuilder/assets/js/common.js]
[gridx.codelayers.net/components/com_sppagebuilder/assets/js/dynamic-content5287.js]
[gridx.codelayers.net/components/com_sppagebuilder/assets/js/jquery.parallax5287.js]
[gridx.codelayers.net/components/com_sppagebuilder/assets/js/sppagebuilder5287.js]
[gridx.codelayers.net/components/com_sppagebuilder/assets/js/jquery.magnific-popup.min.js]
[gridx.codelayers.net/components/com_sppagebuilder/assets/js/addons/image.js]
[gridx.codelayers.net/components/com_sppagebuilder/assets/js/addons/text_block.js]
[gridx.codelayers.net/templates/gridx/js/main.js]
[cdn.jsdelivr.net/gh/iconoir-icons/iconoir@main/css/iconoir.css]
[gridx.codelayers.net/about.html]
[gridx.codelayers.net/works.html]
[gridx.codelayers.net/contact.html]
[gridx.codelayers.net/images/me.png]
[gridx.codelayers.net/images/sign.png]
[gridx.codelayers.net/credentials.html]
[gridx.codelayers.net/images/my-works.png]
[gridx.codelayers.net/images/gfonts.png]
[gridx.codelayers.net/blog-with-right-sidebar.html]
[gridx.codelayers.net/service.html]
[gridx.codelayers.net/images/icon2.png]
[gridx.codelayers.net/index.html]
[gridx.codelayers.net/images/me2.png]
[gridx.codelayers.net/images/star-2.png]
[gridx.codelayers.net/about.html]
[gridx.codelayers.net/images/project1.jpg]
[gridx.codelayers.net/work-details.html]
[gridx.codelayers.net/images/project2.jpg]
[gridx.codelayers.net/images/project3.jpg]
[gridx.codelayers.net/images/project4.jpg]
[gridx.codelayers.net/images/project5.jpg]
[gridx.codelayers.net/images/project6.jpg]
[gridx.codelayers.net/works.html]
[gridx.codelayers.net/images/icon3.png]
[gridx.codelayers.net/contact.html]
[gridx.codelayers.net/credentials.html]
[gridx.codelayers.net/blog-with-right-sidebarc0d0]
[gridx.codelayers.net/blog-with-right-sidebar7b17]
[gridx.codelayers.net/media/com_finder/js/finder.min8423.js]
[gridx.codelayers.net/blog-with-right-sidebar/consulted-admitting-is-power-acuteness.html]
[gridx.codelayers.net/images/blog1.jpg]
[gridx.codelayers.net/blog-with-right-sidebar/unsatiable-entreaties-may-collecting-power.html]
[gridx.codelayers.net/images/blog2.jpg]
[gridx.codelayers.net/blog-with-right-sidebar/discovery-incommode-earnestly-no-he-commanded.html]
[gridx.codelayers.net/images/blog3.jpg]
[gridx.codelayers.net/blog-with-right-sidebar/consulted-admitting-is-power-acuteness-4.html]
[gridx.codelayers.net/blog-with-right-sidebar/analysis.html]
[gridx.codelayers.net/blog-with-right-sidebar/firewall.html]
[gridx.codelayers.net/blog-with-right-sidebar/it-solutions.html]
[gridx.codelayers.net/blog-with-right-sidebar/security.html]
[gridx.codelayers.net/blog-with-right-sidebar/technology.html]
[gridx.codelayers.net/tags-page-2/saas.html]
[gridx.codelayers.net/tags-page-2/development.html]
[gridx.codelayers.net/tags-page-2/figma.html]
[gridx.codelayers.net/tags-page-2/java.html]
[gridx.codelayers.net/tags-page-2/ui-ux.html]
[gridx.codelayers.net/tags-page-2/joomla.html]
[gridx.codelayers.net/blog-with-right-sidebar.html]
[gridx.codelayers.net/service.html]
[gridx.codelayers.net/images/project-dt-1.jpg]
[gridx.codelayers.net/work-details.html]
[gridx.codelayers.net/blog-with-right-sidebar/consulted-admitting-is-power-acuteness.html]
[gridx.codelayers.net/blog-with-right-sidebar/unsatiable-entreaties-may-collecting-power.html]
[gridx.codelayers.net/blog-with-right-sidebar/discovery-incommode-earnestly-no-he-commanded.html]
[gridx.codelayers.net/blog-with-right-sidebar/consulted-admitting-is-power-acuteness-4.html]
[gridx.codelayers.net/blog-with-right-sidebar/analysisc0d0]
[gridx.codelayers.net/blog-with-right-sidebar/analysis7b17]
[gridx.codelayers.net/blog-with-right-sidebar/analysis.html]
[gridx.codelayers.net/blog-with-right-sidebar/firewallc0d0]
[gridx.codelayers.net/blog-with-right-sidebar/firewall7b17]
[gridx.codelayers.net/blog-with-right-sidebar/firewall.html]
[gridx.codelayers.net/blog-with-right-sidebar/it-solutionsc0d0]
[gridx.codelayers.net/blog-with-right-sidebar/it-solutions7b17]
[gridx.codelayers.net/blog-with-right-sidebar/it-solutions.html]
[gridx.codelayers.net/blog-with-right-sidebar/securityc0d0]
[gridx.codelayers.net/blog-with-right-sidebar/security7b17]
[gridx.codelayers.net/blog-with-right-sidebar/security.html]
[gridx.codelayers.net/blog-with-right-sidebar/technologyc0d0]
[gridx.codelayers.net/blog-with-right-sidebar/technology7b17]
[gridx.codelayers.net/blog-with-right-sidebar/technology.html]
[gridx.codelayers.net/tags-page-2/saasc0d0]
[gridx.codelayers.net/tags-page-2/saas7b17]
[gridx.codelayers.net/home-2.html]
[gridx.codelayers.net/about-2.html]
[gridx.codelayers.net/works-2.html]
[gridx.codelayers.net/contact-2.html]
[gridx.codelayers.net/tags-page-2.html]
[gridx.codelayers.net/tags-page-2/saas.html]
[gridx.codelayers.net/tags-page-2/developmentc0d0]
[gridx.codelayers.net/tags-page-2/development7b17]
[gridx.codelayers.net/tags-page-2/development.html]
[gridx.codelayers.net/tags-page-2/figmac0d0]
[gridx.codelayers.net/tags-page-2/figma7b17]
[gridx.codelayers.net/tags-page-2/figma.html]
[gridx.codelayers.net/tags-page-2/javac0d0]
[gridx.codelayers.net/tags-page-2/java7b17]
[gridx.codelayers.net/tags-page-2/java.html]
[gridx.codelayers.net/tags-page-2/ui-uxc0d0]
[gridx.codelayers.net/tags-page-2/ui-ux7b17]
[gridx.codelayers.net/tags-page-2/ui-ux.html]
[gridx.codelayers.net/tags-page-2/joomlac0d0]
[gridx.codelayers.net/tags-page-2/joomla7b17]
[gridx.codelayers.net/tags-page-2/joomla.html]
[gridx.codelayers.net/credentials-2.html]
[gridx.codelayers.net/blog-with-right-sidebar-2.html]
[gridx.codelayers.net/service-2.html]
[gridx.codelayers.net/images/icon2-2.png]
[gridx.codelayers.net/home-2.html]
[gridx.codelayers.net/images/star-2-2.png]
[gridx.codelayers.net/about-2.html]
[gridx.codelayers.net/work-details-2.html]
[gridx.codelayers.net/works-2.html]
[gridx.codelayers.net/contact-2.html]
[gridx.codelayers.net/tags-page-2c0d0]
[gridx.codelayers.net/tags-page-27b17]
[gridx.codelayers.net/media/com_tags/js/tag-default.min32c3.js]
[gridx.codelayers.net/tags-page-2.html]
[gridx.codelayers.net/credentials-2.html]
[gridx.codelayers.net/tags-page-2/web.html]
[gridx.codelayers.net/blog-with-right-sidebar-2c0d0]
[gridx.codelayers.net/blog-with-right-sidebar-27b17]
[gridx.codelayers.net/blog-with-right-sidebar-2.html]
[gridx.codelayers.net/service-2.html]
[gridx.codelayers.net/images/icon3-2.png]
[gridx.codelayers.net/work-details-2.html]
[gridx.codelayers.net/tags-page-2/webc0d0]
[gridx.codelayers.net/tags-page-2/web7b17]
[gridx.codelayers.net/tags-page-2/web.html]
[gridx.codelayers.net/media/vendor/joomla-custom-elements/css/joomla-alert.min44b7.css]
[gridx.codelayers.net/components/com_sppagebuilder/assets/css/animate.min5287.css]
[gridx.codelayers.net/components/com_sppagebuilder/assets/css/sppagebuilder5287.css]
[gridx.codelayers.net/components/com_sppagebuilder/assets/css/dynamic-content5287.css]
[gridx.codelayers.net/components/com_sppagebuilder/assets/css/magnific-popup.css]
[gridx.codelayers.net/templates/gridx/css/bootstrap.min.css]
[gridx.codelayers.net/plugins/system/helixultimate/assets/css/system-j4.min.css]
[gridx.codelayers.net/blog-with-right-sidebar7b17]
[gridx.codelayers.net/blog-with-right-sidebar/analysis7b17]
[gridx.codelayers.net/blog-with-right-sidebar/firewall7b17]
[gridx.codelayers.net/blog-with-right-sidebar/it-solutions7b17]
[gridx.codelayers.net/blog-with-right-sidebar/security7b17]
[gridx.codelayers.net/media/vendor/fontawesome-free/webfonts/fa-regular-400cfaa.woff2]
[gridx.codelayers.net/tags-page-2/development7b17]
[gridx.codelayers.net/tags-page-2/saas7b17]
[gridx.codelayers.net/blog-with-right-sidebar/technology7b17]
[gridx.codelayers.net/tags-page-2/figma7b17]
[gridx.codelayers.net/media/vendor/fontawesome-free/webfonts/fa-regular-4007652.ttf]
[gridx.codelayers.net/tags-page-2/ui-ux7b17]
[gridx.codelayers.net/tags-page-2/joomla7b17]
[gridx.codelayers.net/tags-page-2/java7b17]
[gridx.codelayers.net/media/vendor/fontawesome-free/webfonts/fa-solid-9008ec6.woff2]
[gridx.codelayers.net/tags-page-27b17]
[gridx.codelayers.net/blog-with-right-sidebar-27b17]
[gridx.codelayers.net/media/vendor/fontawesome-free/webfonts/fa-solid-900fea9.ttf]
[gridx.codelayers.net/media/vendor/fontawesome-free/webfonts/fa-brands-40073f0.woff2]
[gridx.codelayers.net/media/vendor/fontawesome-free/webfonts/fa-brands-4002abb.ttf]
[gridx.codelayers.net/media/system/css/joomla-fontawesome.minf573.css]
[gridx.codelayers.net/templates/gridx/css/template.css]
[gridx.codelayers.net/templates/gridx/css/presets/preset9.css]
[gridx.codelayers.net/templates/gridx/images/menu-bg.jpg]
[gridx.codelayers.net/templates/gridx/css/custom.css]
[cdn.jsdelivr.net/gh/iconoir-icons/iconoir@main/css/iconoir.css]
[gridx.codelayers.net/images/logo.svg]
[gridx.codelayers.net/images/icon.svg]
[gridx.codelayers.net/images/star1.svg]
[gridx.codelayers.net/templates/gridx/images/quotepost.html]
[gridx.codelayers.net/blog-with-right-sidebar/consulted-admitting-is-power-acuteness.html]
[gridx.codelayers.net/blog-with-right-sidebar/unsatiable-entreaties-may-collecting-power.html]
[gridx.codelayers.net/blog-with-right-sidebar/discovery-incommode-earnestly-no-he-commanded.html]
[gridx.codelayers.net/blog-with-right-sidebar/consulted-admitting-is-power-acuteness-4.html]
[gridx.codelayers.net/blog-with-right-sidebar/analysisc0d0]
[gridx.codelayers.net/blog-with-right-sidebar/firewallc0d0]
[gridx.codelayers.net/blog-with-right-sidebar/it-solutionsc0d0]
[gridx.codelayers.net/blog-with-right-sidebar/securityc0d0]
[gridx.codelayers.net/blog-with-right-sidebar/technologyc0d0]
[gridx.codelayers.net/tags-page-2/saasc0d0]
[gridx.codelayers.net/images/logo-dark.svg]
[gridx.codelayers.net/tags-page-2/figmac0d0]
[gridx.codelayers.net/tags-page-2/javac0d0]
[gridx.codelayers.net/tags-page-2/ui-uxc0d0]
[gridx.codelayers.net/tags-page-2/joomlac0d0]
[gridx.codelayers.net/images/icon-2.svg]
[gridx.codelayers.net/templates/gridx/images/quotepost.html]
